/Users/francosabes/Desktop/Compilador/java/compiler-java-main/src/main/java/lyc/compiler/model/InvalidLengthException.java
/Users/francosabes/Desktop/Compilador/java/compiler-java-main/src/main/java/lyc/compiler/files/AsmCodeGenerator.java
/Users/francosabes/Desktop/Compilador/java/compiler-java-main/src/main/java/lyc/compiler/factories/ParserFactory.java
/Users/francosabes/Desktop/Compilador/java/compiler-java-main/src/main/java/lyc/compiler/factories/FileFactory.java
/Users/francosabes/Desktop/Compilador/java/compiler-java-main/target/generated-sources/cup/lyc/compiler/Parser.java
/Users/francosabes/Desktop/Compilador/java/compiler-java-main/src/main/java/lyc/compiler/files/FileGenerator.java
/Users/francosabes/Desktop/Compilador/java/compiler-java-main/target/generated-sources/cup/lyc/compiler/ParserSym.java
/Users/francosabes/Desktop/Compilador/java/compiler-java-main/src/main/java/lyc/compiler/files/FileOutputWriter.java
/Users/francosabes/Desktop/Compilador/java/compiler-java-main/src/main/java/lyc/compiler/constants/Constants.java
/Users/francosabes/Desktop/Compilador/java/compiler-java-main/src/main/java/lyc/compiler/factories/LexerFactory.java
/Users/francosabes/Desktop/Compilador/java/compiler-java-main/src/main/java/lyc/compiler/files/IntermediateCodeGenerator.java
/Users/francosabes/Desktop/Compilador/java/compiler-java-main/target/generated-sources/jflex/lyc/compiler/Lexer.java
/Users/francosabes/Desktop/Compilador/java/compiler-java-main/src/main/java/lyc/compiler/model/UnknownCharacterException.java
/Users/francosabes/Desktop/Compilador/java/compiler-java-main/src/main/java/lyc/compiler/model/CompilerException.java
/Users/francosabes/Desktop/Compilador/java/compiler-java-main/src/main/java/lyc/compiler/files/SymbolTableGenerator.java
/Users/francosabes/Desktop/Compilador/java/compiler-java-main/src/main/java/lyc/compiler/model/InvalidIntegerException.java
/Users/francosabes/Desktop/Compilador/java/compiler-java-main/src/main/java/lyc/compiler/main/Compiler.java
